[orchestrator] empty log for cores/bench — running baseline retest
/srv/hwebench/clones/random-mutation-v2-rep1/tools/plot.py:136: UserWarning: Tight layout not applied. The left and right margins cannot be made large enough to accommodate all Axes decorations.
  fig.tight_layout()
[bench-v2.8.4 f8c5744] log: baseline-bench-d457cd7 improvement
 3 files changed, 11 insertions(+), 8 deletions(-)
 create mode 100644 cores/bench/experiments/log.jsonl
 create mode 100644 cores/bench/experiments/progress.png

============================================================
Round 1  |  slots=3  |  current best=12.12
============================================================
  pre-allocated IDs: ['hyp-20261005-001-r1s0', 'hyp-20261005-002-r1s1', 'hyp-20261005-003-r1s2']
  [slot 0] category=micro_opt id=hyp-20261005-001-r1s0
  [slot 1] category=structural id=hyp-20261005-002-r1s1
  [slot 2] category=predictor id=hyp-20261005-003-r1s2
Preparing worktree (new branch 'bench-hyp-20261005-001-r1s0-hypgen')
Preparing worktree (new branch 'bench-hyp-20261005-002-r1s1-hypgen')
Preparing worktree (new branch 'bench-hyp-20261005-003-r1s2-hypgen')
Deleted branch bench-hyp-20261005-001-r1s0-hypgen (was f8c5744).
Preparing worktree (new branch 'bench-hyp-20261005-001-r1s0')
HEAD is now at f8c5744 log: baseline-bench-d457cd7 improvement
HEAD is now at f8c5744 log: baseline-bench-d457cd7 improvement
HEAD is now at f8c5744 log: baseline-bench-d457cd7 improvement
HEAD is now at f8c5744 log: baseline-bench-d457cd7 improvement
  [slot 0] worktree=/srv/hwebench/clones/random-mutation-v2-rep1/cores/bench/worktrees/hyp-20261005-001-r1s0
Deleted branch bench-hyp-20261005-002-r1s1-hypgen (was f8c5744).
Deleted branch bench-hyp-20261005-003-r1s2-hypgen (was f8c5744).
Preparing worktree (new branch 'bench-hyp-20261005-002-r1s1')
HEAD is now at f8c5744 log: baseline-bench-d457cd7 improvement
  [slot 1] worktree=/srv/hwebench/clones/random-mutation-v2-rep1/cores/bench/worktrees/hyp-20261005-002-r1s1
Preparing worktree (new branch 'bench-hyp-20261005-003-r1s2')
HEAD is now at f8c5744 log: baseline-bench-d457cd7 improvement
  [slot 2] worktree=/srv/hwebench/clones/random-mutation-v2-rep1/cores/bench/worktrees/hyp-20261005-003-r1s2
Deleted branch bench-hyp-20261005-002-r1s1 (was f8c5744).
  [slot 1] broken: formal_failed: insn_slli_ch0
] summary: Elapsed process time [H:MM:SS (secs)]: 0:00:05 (5)
SBY 12:49:55 [insn_sw_ch0] summary: engine_0 (smtbmc bitwuzla) returned FAIL
SBY 12:49:55 [insn_sw_ch0] summary: counterexample trace: insn_sw_ch0/engine_0/trace.vcd
SBY 12:49:55 [insn_sw_ch0] summary:   failed assertion rvfi_testbench._witness_.check_flatten_checker_inst__assert_rvfi_insn_check_sv_198_152 at rvfi_insn_check.sv:198.6-198.31 step 20
SBY 12:49:55 [insn_sw_ch0] DONE (FAIL, rc=0)
SBY 12:50:22 [reg_ch0] engine_0: ##   0:00:43  Status: passed
SBY 12:50:22 [reg_ch0] engine_0: finished (returncode=0)
SBY 12:50:22 [reg_ch0] engine_0: Status returned by engine: pass
SBY 12:50:22 [reg_ch0] summary: Elapsed clock time [H:MM:SS (secs)]: 0:00:43 (43)
SBY 12:50:22 [reg_ch0] summary: Elapsed process time [H:MM:SS (secs)]: 0:00:43 (43)
SBY 12:50:22 [reg_ch0] summary: engine_0 (smtbmc bitwuzla) returned pass
SBY 12:50:22 [reg_ch0] summary: engine_0 did not produce any traces
SBY 12:50:22 [reg_ch0] DONE (PASS, rc=0)

Formal: 51 passed, 2 failed
Failed: insn_slli_ch0 insn_sw_ch0

--- insn_slli_ch0/logfile.txt (last 30 lines) ---
SBY 12:49:48 [insn_slli_ch0] engine_0: ##   0:00:00  Skipping step 7..
SBY 12:49:48 [insn_slli_ch0] engine_0: ##   0:00:00  Skipping step 8..
SBY 12:49:48 [insn_slli_ch0] engine_0: ##   0:00:00  Skipping step 9..
SBY 12:49:48 [insn_slli_ch0] engine_0: ##   0:00:00  Skipping step 10..
SBY 12:49:48 [insn_slli_ch0] engine_0: ##   0:00:00  Skipping step 11..
SBY 12:49:48 [insn_slli_ch0] engine_0: ##   0:00:00  Skipping step 12..
SBY 12:49:48 [insn_slli_ch0] engine_0: ##   0:00:00  Skipping step 13..
SBY 12:49:48 [insn_slli_ch0] engine_0: ##   0:00:00  Skipping step 14..
SBY 12:49:48 [insn_slli_ch0] engine_0: ##   0:00:00  Skipping step 15..
SBY 12:49:48 [insn_slli_ch0] engine_0: ##   0:00:00  Skipping step 16..
SBY 12:49:48 [insn_slli_ch0] engine_0: ##   0:00:00  Skipping step 17..
SBY 12:49:48 [insn_slli_ch0] engine_0: ##   0:00:00  Skipping step 18..
SBY 12:49:48 [insn_slli_ch0] engine_0: ##   0:00:00  Skipping step 19..
SBY 12:49:48 [insn_slli_ch0] engine_0: ##   0:00:00  Checking assumptions in step 20..
SBY 12:49:48 [insn_slli_ch0] engine_0: ##   0:00:00  Checking assertions in step 20..
SBY 12:49:49 [insn_slli_ch0] engine_0: ##   0:00:00  BMC failed!
SBY 12:49:49 [insn_slli_ch0] engine_0: ##   0:00:00  Assert failed in rvfi_testbench: rvfi_insn_check.sv:198.6-198.31 (_witness_.check_flatten_checker_inst__assert_rvfi_insn_check_sv_198_152)
SBY 12:49:49 [insn_slli_ch0] engine_0: ##   0:00:00  Writing trace to VCD file: engine_0/trace.vcd
SBY 12:49:49 [insn_slli_ch0] engine_0: ##   0:00:01  Writing trace to Verilog testbench: engine_0/trace_tb.v
SBY 12:49:49 [insn_slli_ch0] engine_0: ##   0:00:01  Writing trace to constraints file: engine_0/trace.smtc
SBY 12:49:49 [insn_slli_ch0] engine_0: ##   0:00:01  Writing trace to Yosys witness file: engine_0/trace.yw
SBY 12:49:49 [insn_slli_ch0] engine_0: ##   0:00:01  Status: failed
SBY 12:49:49 [insn_slli_ch0] engine_0: finished (returncode=1)
SBY 12:49:49 [insn_slli_ch0] engine_0: Status returned by engine: FAIL
SBY 12:49:49 [insn_slli_ch0] summary: Elapsed clock time [H:MM:SS (secs)]: 0:00:01 (1)
SBY 12:49:49 [insn_slli_ch0] summary: Elapsed process time [H:MM:SS (secs)]: 0:00:01 (1)
SBY 12:49:49 [insn_slli_ch0] summary: engine_0 (smtbmc bitwuzla) returned FAIL
SBY 12:49:49 [insn_slli_ch0] summary: counterexample trace: insn_slli_ch0/engine_0/trace.vcd
SBY 12:49:49 [insn_slli_ch0] summary:   failed assertion rvfi_testbench._witness_.check_flatten_checker_inst__assert_rvfi_insn_check_sv_198_152 at rvfi_insn_check.sv:198.6-198.31 step 20
SBY 12:49:49 [insn_slli_ch0] DONE (FAIL, rc=0)

Full run log: /srv/hwebench/clones/random-mutation-v2-rep1/cores/bench/worktrees/hyp-20261005-002-r1s1/formal/last_run-hbc95298683f243b.log
Per-check logs in: /srv/hwebench/clones/random-mutation-v2-rep1/cores/bench/worktrees/hyp-20261005-002-r1s1/formal/riscv-formal/cores/bench-hbc95298683f243b/checks/<check>/logfile.txt
Deleted branch bench-hyp-20261005-003-r1s2 (was f8c5744).
  [slot 2] broken: formal_failed: ill_ch0
rned by engine: FAIL
SBY 12:51:14 [insn_xori_ch0] summary: Elapsed clock time [H:MM:SS (secs)]: 0:00:07 (7)
SBY 12:51:14 [insn_xori_ch0] summary: Elapsed process time [H:MM:SS (secs)]: 0:00:07 (7)
SBY 12:51:14 [insn_xori_ch0] summary: engine_0 (smtbmc bitwuzla) returned FAIL
SBY 12:51:14 [insn_xori_ch0] summary: counterexample trace: insn_xori_ch0/engine_0/trace.vcd
SBY 12:51:14 [insn_xori_ch0] summary:   failed assertion rvfi_testbench._witness_.check_flatten_checker_inst__assert_rvfi_insn_check_sv_176_111 at rvfi_insn_check.sv:176.7-176.38 step 20
SBY 12:51:14 [insn_xori_ch0] DONE (FAIL, rc=0)

Formal: 6 passed, 47 failed
Failed: ill_ch0 insn_add_ch0 insn_addi_ch0 insn_and_ch0 insn_andi_ch0 insn_auipc_ch0 insn_beq_ch0 insn_bge_ch0 insn_bgeu_ch0 insn_blt_ch0 insn_bltu_ch0 insn_bne_ch0 insn_div_ch0 insn_divu_ch0 insn_jal_ch0 insn_jalr_ch0 insn_lb_ch0 insn_lbu_ch0 insn_lh_ch0 insn_lhu_ch0 insn_lui_ch0 insn_lw_ch0 insn_mul_ch0 insn_mulh_ch0 insn_mulhsu_ch0 insn_mulhu_ch0 insn_or_ch0 insn_ori_ch0 insn_rem_ch0 insn_remu_ch0 insn_sb_ch0 insn_sh_ch0 insn_sll_ch0 insn_slli_ch0 insn_slt_ch0 insn_slti_ch0 insn_sltiu_ch0 insn_sltu_ch0 insn_sra_ch0 insn_srai_ch0 insn_srl_ch0 insn_srli_ch0 insn_sub_ch0 insn_sw_ch0 insn_xor_ch0 insn_xori_ch0 reg_ch0

--- ill_ch0/logfile.txt (last 30 lines) ---
SBY 12:50:23 [ill_ch0] engine_0: ##   0:00:00  Skipping step 7..
SBY 12:50:23 [ill_ch0] engine_0: ##   0:00:00  Skipping step 8..
SBY 12:50:23 [ill_ch0] engine_0: ##   0:00:00  Skipping step 9..
SBY 12:50:23 [ill_ch0] engine_0: ##   0:00:00  Skipping step 10..
SBY 12:50:23 [ill_ch0] engine_0: ##   0:00:00  Skipping step 11..
SBY 12:50:23 [ill_ch0] engine_0: ##   0:00:00  Skipping step 12..
SBY 12:50:23 [ill_ch0] engine_0: ##   0:00:00  Skipping step 13..
SBY 12:50:23 [ill_ch0] engine_0: ##   0:00:00  Skipping step 14..
SBY 12:50:23 [ill_ch0] engine_0: ##   0:00:00  Skipping step 15..
SBY 12:50:23 [ill_ch0] engine_0: ##   0:00:00  Skipping step 16..
SBY 12:50:23 [ill_ch0] engine_0: ##   0:00:00  Skipping step 17..
SBY 12:50:23 [ill_ch0] engine_0: ##   0:00:00  Skipping step 18..
SBY 12:50:23 [ill_ch0] engine_0: ##   0:00:00  Skipping step 19..
SBY 12:50:23 [ill_ch0] engine_0: ##   0:00:00  Checking assumptions in step 20..
SBY 12:50:23 [ill_ch0] engine_0: ##   0:00:00  Checking assertions in step 20..
SBY 12:50:32 [ill_ch0] engine_0: ##   0:00:08  BMC failed!
SBY 12:50:32 [ill_ch0] engine_0: ##   0:00:08  Assert failed in rvfi_testbench: rvfi_ill_check.sv:51.5-51.25 (_witness_.check_flatten_checker_inst__assert_rvfi_ill_check_sv_51_61)
SBY 12:50:32 [ill_ch0] engine_0: ##   0:00:08  Writing trace to VCD file: engine_0/trace.vcd
SBY 12:50:32 [ill_ch0] engine_0: ##   0:00:08  Writing trace to Verilog testbench: engine_0/trace_tb.v
SBY 12:50:32 [ill_ch0] engine_0: ##   0:00:08  Writing trace to constraints file: engine_0/trace.smtc
SBY 12:50:32 [ill_ch0] engine_0: ##   0:00:08  Writing trace to Yosys witness file: engine_0/trace.yw
SBY 12:50:32 [ill_ch0] engine_0: ##   0:00:08  Status: failed
SBY 12:50:32 [ill_ch0] engine_0: finished (returncode=1)
SBY 12:50:32 [ill_ch0] engine_0: Status returned by engine: FAIL
SBY 12:50:32 [ill_ch0] summary: Elapsed clock time [H:MM:SS (secs)]: 0:00:09 (9)
SBY 12:50:32 [ill_ch0] summary: Elapsed process time [H:MM:SS (secs)]: 0:00:09 (9)
SBY 12:50:32 [ill_ch0] summary: engine_0 (smtbmc bitwuzla) returned FAIL
SBY 12:50:32 [ill_ch0] summary: counterexample trace: ill_ch0/engine_0/trace.vcd
SBY 12:50:32 [ill_ch0] summary:   failed assertion rvfi_testbench._witness_.check_flatten_checker_inst__assert_rvfi_ill_check_sv_51_61 at rvfi_ill_check.sv:51.5-51.25 step 20
SBY 12:50:32 [ill_ch0] DONE (FAIL, rc=0)

Full run log: /srv/hwebench/clones/random-mutation-v2-rep1/cores/bench/worktrees/hyp-20261005-003-r1s2/formal/last_run-h76b186dd358a461.log
Per-check logs in: /srv/hwebench/clones/random-mutation-v2-rep1/cores/bench/worktrees/hyp-20261005-003-r1s2/formal/riscv-formal/cores/bench-h76b186dd358a461/checks/<check>/logfile.txt
Deleted branch bench-hyp-20261005-001-r1s0 (was f8c5744).
  [slot 0] broken: formal_failed: insn_add_ch0
cess time [H:MM:SS (secs)]: 0:00:13 (13)
SBY 12:52:21 [insn_sw_ch0] summary: engine_0 (smtbmc bitwuzla) returned FAIL
SBY 12:52:21 [insn_sw_ch0] summary: counterexample trace: insn_sw_ch0/engine_0/trace.vcd
SBY 12:52:21 [insn_sw_ch0] summary:   failed assertion rvfi_testbench._witness_.check_flatten_checker_inst__assert_rvfi_insn_check_sv_167_102 at rvfi_insn_check.sv:167.7-167.29 step 20
SBY 12:52:21 [insn_sw_ch0] DONE (FAIL, rc=0)

Formal: 7 passed, 46 failed
Failed: insn_add_ch0 insn_addi_ch0 insn_and_ch0 insn_andi_ch0 insn_auipc_ch0 insn_beq_ch0 insn_bge_ch0 insn_bgeu_ch0 insn_blt_ch0 insn_bltu_ch0 insn_bne_ch0 insn_div_ch0 insn_divu_ch0 insn_jal_ch0 insn_jalr_ch0 insn_lb_ch0 insn_lbu_ch0 insn_lh_ch0 insn_lhu_ch0 insn_lui_ch0 insn_lw_ch0 insn_mul_ch0 insn_mulh_ch0 insn_mulhsu_ch0 insn_mulhu_ch0 insn_or_ch0 insn_ori_ch0 insn_rem_ch0 insn_remu_ch0 insn_sb_ch0 insn_sh_ch0 insn_sll_ch0 insn_slli_ch0 insn_slt_ch0 insn_slti_ch0 insn_sltiu_ch0 insn_sltu_ch0 insn_sra_ch0 insn_srai_ch0 insn_srl_ch0 insn_srli_ch0 insn_sub_ch0 insn_sw_ch0 insn_xor_ch0 insn_xori_ch0 reg_ch0

--- insn_add_ch0/logfile.txt (last 30 lines) ---
SBY 12:51:16 [insn_add_ch0] engine_0: ##   0:00:00  Skipping step 7..
SBY 12:51:16 [insn_add_ch0] engine_0: ##   0:00:00  Skipping step 8..
SBY 12:51:16 [insn_add_ch0] engine_0: ##   0:00:00  Skipping step 9..
SBY 12:51:16 [insn_add_ch0] engine_0: ##   0:00:00  Skipping step 10..
SBY 12:51:16 [insn_add_ch0] engine_0: ##   0:00:00  Skipping step 11..
SBY 12:51:16 [insn_add_ch0] engine_0: ##   0:00:00  Skipping step 12..
SBY 12:51:16 [insn_add_ch0] engine_0: ##   0:00:00  Skipping step 13..
SBY 12:51:16 [insn_add_ch0] engine_0: ##   0:00:00  Skipping step 14..
SBY 12:51:16 [insn_add_ch0] engine_0: ##   0:00:00  Skipping step 15..
SBY 12:51:16 [insn_add_ch0] engine_0: ##   0:00:00  Skipping step 16..
SBY 12:51:16 [insn_add_ch0] engine_0: ##   0:00:00  Skipping step 17..
SBY 12:51:16 [insn_add_ch0] engine_0: ##   0:00:00  Skipping step 18..
SBY 12:51:16 [insn_add_ch0] engine_0: ##   0:00:00  Skipping step 19..
SBY 12:51:16 [insn_add_ch0] engine_0: ##   0:00:00  Checking assumptions in step 20..
SBY 12:51:16 [insn_add_ch0] engine_0: ##   0:00:00  Checking assertions in step 20..
SBY 12:51:28 [insn_add_ch0] engine_0: ##   0:00:11  BMC failed!
SBY 12:51:28 [insn_add_ch0] engine_0: ##   0:00:11  Assert failed in rvfi_testbench: rvfi_insn_check.sv:167.7-167.29 (_witness_.check_flatten_checker_inst__assert_rvfi_insn_check_sv_167_102)
SBY 12:51:28 [insn_add_ch0] engine_0: ##   0:00:11  Writing trace to VCD file: engine_0/trace.vcd
SBY 12:51:28 [insn_add_ch0] engine_0: ##   0:00:12  Writing trace to Verilog testbench: engine_0/trace_tb.v
SBY 12:51:28 [insn_add_ch0] engine_0: ##   0:00:12  Writing trace to constraints file: engine_0/trace.smtc
SBY 12:51:28 [insn_add_ch0] engine_0: ##   0:00:12  Writing trace to Yosys witness file: engine_0/trace.yw
SBY 12:51:28 [insn_add_ch0] engine_0: ##   0:00:12  Status: failed
SBY 12:51:28 [insn_add_ch0] engine_0: finished (returncode=1)
SBY 12:51:28 [insn_add_ch0] engine_0: Status returned by engine: FAIL
SBY 12:51:28 [insn_add_ch0] summary: Elapsed clock time [H:MM:SS (secs)]: 0:00:12 (12)
SBY 12:51:28 [insn_add_ch0] summary: Elapsed process time [H:MM:SS (secs)]: 0:00:12 (12)
SBY 12:51:28 [insn_add_ch0] summary: engine_0 (smtbmc bitwuzla) returned FAIL
SBY 12:51:28 [insn_add_ch0] summary: counterexample trace: insn_add_ch0/engine_0/trace.vcd
SBY 12:51:28 [insn_add_ch0] summary:   failed assertion rvfi_testbench._witness_.check_flatten_checker_inst__assert_rvfi_insn_check_sv_167_102 at rvfi_insn_check.sv:167.7-167.29 step 20
SBY 12:51:28 [insn_add_ch0] DONE (FAIL, rc=0)

Full run log: /srv/hwebench/clones/random-mutation-v2-rep1/cores/bench/worktrees/hyp-20261005-001-r1s0/formal/last_run-hf924aef1511f4e5.log
Per-check logs in: /srv/hwebench/clones/random-mutation-v2-rep1/cores/bench/worktrees/hyp-20261005-001-r1s0/formal/riscv-formal/cores/bench-hf924aef1511f4e5/checks/<check>/logfile.txt
[bench-v2.8.4 2143e3b] log: hyp-20261005-001-r1s0 broken
 2 files changed, 1 insertion(+)
[bench-v2.8.4 d94e156] log: hyp-20261005-002-r1s1 broken
 2 files changed, 1 insertion(+)
[bench-v2.8.4 842aa56] log: hyp-20261005-003-r1s2 broken
 1 file changed, 1 insertion(+)

  Round 1 complete: slot 0=broken, slot 1=broken, slot 2=broken (no winner)
