[orchestrator] empty log for cores/bench — running baseline retest
/srv/hwebench/clones/random-mutation-v2-rep1/tools/plot.py:136: UserWarning: Tight layout not applied. The left and right margins cannot be made large enough to accommodate all Axes decorations.
  fig.tight_layout()
[bench-v2.8.3 a2f8888] log: baseline-bench-e000f73 improvement
 3 files changed, 11 insertions(+), 8 deletions(-)
 create mode 100644 cores/bench/experiments/log.jsonl
 create mode 100644 cores/bench/experiments/progress.png

============================================================
Round 1  |  slots=3  |  current best=12.12
============================================================
  pre-allocated IDs: ['hyp-20261005-001-r1s0', 'hyp-20261005-002-r1s1', 'hyp-20261005-003-r1s2']
  [slot 0] category=micro_opt id=hyp-20261005-001-r1s0
  [slot 1] category=structural id=hyp-20261005-002-r1s1
  [slot 2] category=predictor id=hyp-20261005-003-r1s2
Preparing worktree (new branch 'bench-hyp-20261005-001-r1s0-hypgen')
Preparing worktree (new branch 'bench-hyp-20261005-002-r1s1-hypgen')
Preparing worktree (new branch 'bench-hyp-20261005-003-r1s2-hypgen')
Deleted branch bench-hyp-20261005-001-r1s0-hypgen (was a2f8888).
Preparing worktree (new branch 'bench-hyp-20261005-001-r1s0')
HEAD is now at a2f8888 log: baseline-bench-e000f73 improvement
HEAD is now at a2f8888 log: baseline-bench-e000f73 improvement
HEAD is now at a2f8888 log: baseline-bench-e000f73 improvement
HEAD is now at a2f8888 log: baseline-bench-e000f73 improvement
  [slot 0] worktree=/srv/hwebench/clones/random-mutation-v2-rep1/cores/bench/worktrees/hyp-20261005-001-r1s0
Deleted branch bench-hyp-20261005-002-r1s1-hypgen (was a2f8888).
Deleted branch bench-hyp-20261005-003-r1s2-hypgen (was a2f8888).
Preparing worktree (new branch 'bench-hyp-20261005-002-r1s1')
HEAD is now at a2f8888 log: baseline-bench-e000f73 improvement
  [slot 1] worktree=/srv/hwebench/clones/random-mutation-v2-rep1/cores/bench/worktrees/hyp-20261005-002-r1s1
Preparing worktree (new branch 'bench-hyp-20261005-003-r1s2')
HEAD is now at a2f8888 log: baseline-bench-e000f73 improvement
  [slot 2] worktree=/srv/hwebench/clones/random-mutation-v2-rep1/cores/bench/worktrees/hyp-20261005-003-r1s2
Deleted branch bench-hyp-20261005-002-r1s1 (was a2f8888).
  [slot 1] broken: formal_failed: insn_add_ch0
ary:   failed assertion rvfi_testbench._witness_.check_flatten_checker_inst__assert_rvfi_insn_check_sv_177_113 at rvfi_insn_check.sv:177.7-177.40 step 20
SBY 12:35:01 [insn_xor_ch0] DONE (FAIL, rc=0)

Formal: 7 passed, 46 failed
Failed: insn_add_ch0 insn_addi_ch0 insn_and_ch0 insn_andi_ch0 insn_auipc_ch0 insn_beq_ch0 insn_bge_ch0 insn_bgeu_ch0 insn_blt_ch0 insn_bltu_ch0 insn_bne_ch0 insn_div_ch0 insn_divu_ch0 insn_jal_ch0 insn_jalr_ch0 insn_lb_ch0 insn_lbu_ch0 insn_lh_ch0 insn_lhu_ch0 insn_lui_ch0 insn_lw_ch0 insn_mul_ch0 insn_mulh_ch0 insn_mulhsu_ch0 insn_mulhu_ch0 insn_or_ch0 insn_ori_ch0 insn_rem_ch0 insn_remu_ch0 insn_sb_ch0 insn_sh_ch0 insn_sll_ch0 insn_slli_ch0 insn_slt_ch0 insn_slti_ch0 insn_sltiu_ch0 insn_sltu_ch0 insn_sra_ch0 insn_srai_ch0 insn_srl_ch0 insn_srli_ch0 insn_sub_ch0 insn_sw_ch0 insn_xor_ch0 insn_xori_ch0 reg_ch0

--- insn_add_ch0/logfile.txt (last 30 lines) ---
SBY 12:32:56 [insn_add_ch0] engine_0: ##   0:00:00  Skipping step 9..
SBY 12:32:56 [insn_add_ch0] engine_0: ##   0:00:00  Skipping step 10..
SBY 12:32:56 [insn_add_ch0] engine_0: ##   0:00:00  Skipping step 11..
SBY 12:32:56 [insn_add_ch0] engine_0: ##   0:00:00  Skipping step 12..
SBY 12:32:56 [insn_add_ch0] engine_0: ##   0:00:00  Skipping step 13..
SBY 12:32:56 [insn_add_ch0] engine_0: ##   0:00:00  Skipping step 14..
SBY 12:32:56 [insn_add_ch0] engine_0: ##   0:00:00  Skipping step 15..
SBY 12:32:56 [insn_add_ch0] engine_0: ##   0:00:00  Skipping step 16..
SBY 12:32:56 [insn_add_ch0] engine_0: ##   0:00:00  Skipping step 17..
SBY 12:32:56 [insn_add_ch0] engine_0: ##   0:00:00  Skipping step 18..
SBY 12:32:56 [insn_add_ch0] engine_0: ##   0:00:00  Skipping step 19..
SBY 12:32:56 [insn_add_ch0] engine_0: ##   0:00:00  Checking assumptions in step 20..
SBY 12:32:57 [insn_add_ch0] engine_0: ##   0:00:00  Checking assertions in step 20..
SBY 12:33:11 [insn_add_ch0] engine_0: ##   0:00:14  BMC failed!
SBY 12:33:11 [insn_add_ch0] engine_0: ##   0:00:14  Assert failed in rvfi_testbench: rvfi_insn_check.sv:167.7-167.29 (_witness_.check_flatten_checker_inst__assert_rvfi_insn_check_sv_167_102)
SBY 12:33:11 [insn_add_ch0] engine_0: ##   0:00:14  Assert failed in rvfi_testbench: rvfi_insn_check.sv:177.7-177.40 (_witness_.check_flatten_checker_inst__assert_rvfi_insn_check_sv_177_113)
SBY 12:33:11 [insn_add_ch0] engine_0: ##   0:00:14  Writing trace to VCD file: engine_0/trace.vcd
SBY 12:33:11 [insn_add_ch0] engine_0: ##   0:00:14  Writing trace to Verilog testbench: engine_0/trace_tb.v
SBY 12:33:11 [insn_add_ch0] engine_0: ##   0:00:14  Writing trace to constraints file: engine_0/trace.smtc
SBY 12:33:11 [insn_add_ch0] engine_0: ##   0:00:14  Writing trace to Yosys witness file: engine_0/trace.yw
SBY 12:33:11 [insn_add_ch0] engine_0: ##   0:00:15  Status: failed
SBY 12:33:11 [insn_add_ch0] engine_0: finished (returncode=1)
SBY 12:33:11 [insn_add_ch0] engine_0: Status returned by engine: FAIL
SBY 12:33:11 [insn_add_ch0] summary: Elapsed clock time [H:MM:SS (secs)]: 0:00:15 (15)
SBY 12:33:11 [insn_add_ch0] summary: Elapsed process time [H:MM:SS (secs)]: 0:00:15 (15)
SBY 12:33:11 [insn_add_ch0] summary: engine_0 (smtbmc bitwuzla) returned FAIL
SBY 12:33:11 [insn_add_ch0] summary: counterexample trace: insn_add_ch0/engine_0/trace.vcd
SBY 12:33:11 [insn_add_ch0] summary:   failed assertion rvfi_testbench._witness_.check_flatten_checker_inst__assert_rvfi_insn_check_sv_167_102 at rvfi_insn_check.sv:167.7-167.29 step 20
SBY 12:33:11 [insn_add_ch0] summary:   failed assertion rvfi_testbench._witness_.check_flatten_checker_inst__assert_rvfi_insn_check_sv_177_113 at rvfi_insn_check.sv:177.7-177.40 step 20
SBY 12:33:11 [insn_add_ch0] DONE (FAIL, rc=0)

Full run log: /srv/hwebench/clones/random-mutation-v2-rep1/cores/bench/worktrees/hyp-20261005-002-r1s1/formal/last_run-hcfe4b8c0d692423.log
Per-check logs in: /srv/hwebench/clones/random-mutation-v2-rep1/cores/bench/worktrees/hyp-20261005-002-r1s1/formal/riscv-formal/cores/bench-hcfe4b8c0d692423/checks/<check>/logfile.txt
Deleted branch bench-hyp-20261005-003-r1s2 (was a2f8888).
  [slot 2] broken: formal_failed: insn_add_ch0
ary:   failed assertion rvfi_testbench._witness_.check_flatten_checker_inst__assert_rvfi_insn_check_sv_177_113 at rvfi_insn_check.sv:177.7-177.40 step 20
SBY 12:37:03 [insn_xor_ch0] DONE (FAIL, rc=0)

Formal: 7 passed, 46 failed
Failed: insn_add_ch0 insn_addi_ch0 insn_and_ch0 insn_andi_ch0 insn_auipc_ch0 insn_beq_ch0 insn_bge_ch0 insn_bgeu_ch0 insn_blt_ch0 insn_bltu_ch0 insn_bne_ch0 insn_div_ch0 insn_divu_ch0 insn_jal_ch0 insn_jalr_ch0 insn_lb_ch0 insn_lbu_ch0 insn_lh_ch0 insn_lhu_ch0 insn_lui_ch0 insn_lw_ch0 insn_mul_ch0 insn_mulh_ch0 insn_mulhsu_ch0 insn_mulhu_ch0 insn_or_ch0 insn_ori_ch0 insn_rem_ch0 insn_remu_ch0 insn_sb_ch0 insn_sh_ch0 insn_sll_ch0 insn_slli_ch0 insn_slt_ch0 insn_slti_ch0 insn_sltiu_ch0 insn_sltu_ch0 insn_sra_ch0 insn_srai_ch0 insn_srl_ch0 insn_srli_ch0 insn_sub_ch0 insn_sw_ch0 insn_xor_ch0 insn_xori_ch0 reg_ch0

--- insn_add_ch0/logfile.txt (last 30 lines) ---
SBY 12:35:03 [insn_add_ch0] engine_0: ##   0:00:00  Skipping step 9..
SBY 12:35:03 [insn_add_ch0] engine_0: ##   0:00:00  Skipping step 10..
SBY 12:35:03 [insn_add_ch0] engine_0: ##   0:00:00  Skipping step 11..
SBY 12:35:03 [insn_add_ch0] engine_0: ##   0:00:00  Skipping step 12..
SBY 12:35:03 [insn_add_ch0] engine_0: ##   0:00:00  Skipping step 13..
SBY 12:35:03 [insn_add_ch0] engine_0: ##   0:00:00  Skipping step 14..
SBY 12:35:03 [insn_add_ch0] engine_0: ##   0:00:00  Skipping step 15..
SBY 12:35:03 [insn_add_ch0] engine_0: ##   0:00:00  Skipping step 16..
SBY 12:35:03 [insn_add_ch0] engine_0: ##   0:00:00  Skipping step 17..
SBY 12:35:03 [insn_add_ch0] engine_0: ##   0:00:00  Skipping step 18..
SBY 12:35:03 [insn_add_ch0] engine_0: ##   0:00:00  Skipping step 19..
SBY 12:35:03 [insn_add_ch0] engine_0: ##   0:00:00  Checking assumptions in step 20..
SBY 12:35:03 [insn_add_ch0] engine_0: ##   0:00:00  Checking assertions in step 20..
SBY 12:35:18 [insn_add_ch0] engine_0: ##   0:00:15  BMC failed!
SBY 12:35:18 [insn_add_ch0] engine_0: ##   0:00:15  Assert failed in rvfi_testbench: rvfi_insn_check.sv:167.7-167.29 (_witness_.check_flatten_checker_inst__assert_rvfi_insn_check_sv_167_102)
SBY 12:35:18 [insn_add_ch0] engine_0: ##   0:00:15  Assert failed in rvfi_testbench: rvfi_insn_check.sv:177.7-177.40 (_witness_.check_flatten_checker_inst__assert_rvfi_insn_check_sv_177_113)
SBY 12:35:18 [insn_add_ch0] engine_0: ##   0:00:15  Writing trace to VCD file: engine_0/trace.vcd
SBY 12:35:18 [insn_add_ch0] engine_0: ##   0:00:15  Writing trace to Verilog testbench: engine_0/trace_tb.v
SBY 12:35:18 [insn_add_ch0] engine_0: ##   0:00:15  Writing trace to constraints file: engine_0/trace.smtc
SBY 12:35:18 [insn_add_ch0] engine_0: ##   0:00:15  Writing trace to Yosys witness file: engine_0/trace.yw
SBY 12:35:18 [insn_add_ch0] engine_0: ##   0:00:15  Status: failed
SBY 12:35:18 [insn_add_ch0] engine_0: finished (returncode=1)
SBY 12:35:18 [insn_add_ch0] engine_0: Status returned by engine: FAIL
SBY 12:35:18 [insn_add_ch0] summary: Elapsed clock time [H:MM:SS (secs)]: 0:00:16 (16)
SBY 12:35:18 [insn_add_ch0] summary: Elapsed process time [H:MM:SS (secs)]: 0:00:16 (16)
SBY 12:35:18 [insn_add_ch0] summary: engine_0 (smtbmc bitwuzla) returned FAIL
SBY 12:35:18 [insn_add_ch0] summary: counterexample trace: insn_add_ch0/engine_0/trace.vcd
SBY 12:35:18 [insn_add_ch0] summary:   failed assertion rvfi_testbench._witness_.check_flatten_checker_inst__assert_rvfi_insn_check_sv_167_102 at rvfi_insn_check.sv:167.7-167.29 step 20
SBY 12:35:18 [insn_add_ch0] summary:   failed assertion rvfi_testbench._witness_.check_flatten_checker_inst__assert_rvfi_insn_check_sv_177_113 at rvfi_insn_check.sv:177.7-177.40 step 20
SBY 12:35:18 [insn_add_ch0] DONE (FAIL, rc=0)

Full run log: /srv/hwebench/clones/random-mutation-v2-rep1/cores/bench/worktrees/hyp-20261005-003-r1s2/formal/last_run-h4a7fdb5cca3b446.log
Per-check logs in: /srv/hwebench/clones/random-mutation-v2-rep1/cores/bench/worktrees/hyp-20261005-003-r1s2/formal/riscv-formal/cores/bench-h4a7fdb5cca3b446/checks/<check>/logfile.txt
Deleted branch bench-hyp-20261005-001-r1s0 (was a2f8888).
  [slot 0] broken: formal_failed: insn_add_ch0
ary:   failed assertion rvfi_testbench._witness_.check_flatten_checker_inst__assert_rvfi_insn_check_sv_177_113 at rvfi_insn_check.sv:177.7-177.40 step 20
SBY 12:40:46 [insn_xor_ch0] DONE (FAIL, rc=0)

Formal: 7 passed, 46 failed
Failed: insn_add_ch0 insn_addi_ch0 insn_and_ch0 insn_andi_ch0 insn_auipc_ch0 insn_beq_ch0 insn_bge_ch0 insn_bgeu_ch0 insn_blt_ch0 insn_bltu_ch0 insn_bne_ch0 insn_div_ch0 insn_divu_ch0 insn_jal_ch0 insn_jalr_ch0 insn_lb_ch0 insn_lbu_ch0 insn_lh_ch0 insn_lhu_ch0 insn_lui_ch0 insn_lw_ch0 insn_mul_ch0 insn_mulh_ch0 insn_mulhsu_ch0 insn_mulhu_ch0 insn_or_ch0 insn_ori_ch0 insn_rem_ch0 insn_remu_ch0 insn_sb_ch0 insn_sh_ch0 insn_sll_ch0 insn_slli_ch0 insn_slt_ch0 insn_slti_ch0 insn_sltiu_ch0 insn_sltu_ch0 insn_sra_ch0 insn_srai_ch0 insn_srl_ch0 insn_srli_ch0 insn_sub_ch0 insn_sw_ch0 insn_xor_ch0 insn_xori_ch0 reg_ch0

--- insn_add_ch0/logfile.txt (last 30 lines) ---
SBY 12:38:45 [insn_add_ch0] engine_0: ##   0:00:00  Skipping step 9..
SBY 12:38:45 [insn_add_ch0] engine_0: ##   0:00:00  Skipping step 10..
SBY 12:38:45 [insn_add_ch0] engine_0: ##   0:00:00  Skipping step 11..
SBY 12:38:45 [insn_add_ch0] engine_0: ##   0:00:00  Skipping step 12..
SBY 12:38:45 [insn_add_ch0] engine_0: ##   0:00:00  Skipping step 13..
SBY 12:38:45 [insn_add_ch0] engine_0: ##   0:00:00  Skipping step 14..
SBY 12:38:45 [insn_add_ch0] engine_0: ##   0:00:00  Skipping step 15..
SBY 12:38:45 [insn_add_ch0] engine_0: ##   0:00:00  Skipping step 16..
SBY 12:38:45 [insn_add_ch0] engine_0: ##   0:00:00  Skipping step 17..
SBY 12:38:45 [insn_add_ch0] engine_0: ##   0:00:00  Skipping step 18..
SBY 12:38:45 [insn_add_ch0] engine_0: ##   0:00:00  Skipping step 19..
SBY 12:38:45 [insn_add_ch0] engine_0: ##   0:00:00  Checking assumptions in step 20..
SBY 12:38:45 [insn_add_ch0] engine_0: ##   0:00:00  Checking assertions in step 20..
SBY 12:39:00 [insn_add_ch0] engine_0: ##   0:00:14  BMC failed!
SBY 12:39:00 [insn_add_ch0] engine_0: ##   0:00:14  Assert failed in rvfi_testbench: rvfi_insn_check.sv:167.7-167.29 (_witness_.check_flatten_checker_inst__assert_rvfi_insn_check_sv_167_102)
SBY 12:39:00 [insn_add_ch0] engine_0: ##   0:00:14  Assert failed in rvfi_testbench: rvfi_insn_check.sv:177.7-177.40 (_witness_.check_flatten_checker_inst__assert_rvfi_insn_check_sv_177_113)
SBY 12:39:00 [insn_add_ch0] engine_0: ##   0:00:14  Writing trace to VCD file: engine_0/trace.vcd
SBY 12:39:00 [insn_add_ch0] engine_0: ##   0:00:14  Writing trace to Verilog testbench: engine_0/trace_tb.v
SBY 12:39:00 [insn_add_ch0] engine_0: ##   0:00:14  Writing trace to constraints file: engine_0/trace.smtc
SBY 12:39:00 [insn_add_ch0] engine_0: ##   0:00:14  Writing trace to Yosys witness file: engine_0/trace.yw
SBY 12:39:00 [insn_add_ch0] engine_0: ##   0:00:14  Status: failed
SBY 12:39:00 [insn_add_ch0] engine_0: finished (returncode=1)
SBY 12:39:00 [insn_add_ch0] engine_0: Status returned by engine: FAIL
SBY 12:39:00 [insn_add_ch0] summary: Elapsed clock time [H:MM:SS (secs)]: 0:00:15 (15)
SBY 12:39:00 [insn_add_ch0] summary: Elapsed process time [H:MM:SS (secs)]: 0:00:15 (15)
SBY 12:39:00 [insn_add_ch0] summary: engine_0 (smtbmc bitwuzla) returned FAIL
SBY 12:39:00 [insn_add_ch0] summary: counterexample trace: insn_add_ch0/engine_0/trace.vcd
SBY 12:39:00 [insn_add_ch0] summary:   failed assertion rvfi_testbench._witness_.check_flatten_checker_inst__assert_rvfi_insn_check_sv_167_102 at rvfi_insn_check.sv:167.7-167.29 step 20
SBY 12:39:00 [insn_add_ch0] summary:   failed assertion rvfi_testbench._witness_.check_flatten_checker_inst__assert_rvfi_insn_check_sv_177_113 at rvfi_insn_check.sv:177.7-177.40 step 20
SBY 12:39:00 [insn_add_ch0] DONE (FAIL, rc=0)

Full run log: /srv/hwebench/clones/random-mutation-v2-rep1/cores/bench/worktrees/hyp-20261005-001-r1s0/formal/last_run-hefd62eaf0277413.log
Per-check logs in: /srv/hwebench/clones/random-mutation-v2-rep1/cores/bench/worktrees/hyp-20261005-001-r1s0/formal/riscv-formal/cores/bench-hefd62eaf0277413/checks/<check>/logfile.txt
[bench-v2.8.3 b739248] log: hyp-20261005-001-r1s0 broken
 2 files changed, 1 insertion(+)
[bench-v2.8.3 489c90a] log: hyp-20261005-002-r1s1 broken
 2 files changed, 1 insertion(+)
[bench-v2.8.3 9247a63] log: hyp-20261005-003-r1s2 broken
 1 file changed, 1 insertion(+)

  Round 1 complete: slot 0=broken, slot 1=broken, slot 2=broken (no winner)
